#
# A fatal error has been detected by the Java Runtime Environment:
#
#  EXCEPTION_ACCESS_VIOLATION (0xc0000005) at pc=0x00007ff909b11b86, pid=8264, tid=20168
#
# JRE version:  (25.0.1+8) (build )
# Java VM: OpenJDK 64-Bit Server VM (25.0.1+8-27, mixed mode, sharing, tiered, compressed class ptrs, unknown gc, windows-amd64)
# Problematic frame:
# C  [jimage.dll+0x1b86]
#
# No core dump will be written. Minidumps are not enabled by default on client versions of Windows
#
#

---------------  S U M M A R Y ------------

Command Line: 

Host: AMD Ryzen 9 8945HS w/ Radeon 780M Graphics, 16 cores, 15G,  Windows 11 , 64 bit Build 26100 (10.0.26100.6725)
Time: Tue Nov 11 13:27:12 2025 Malay Peninsula Standard Time elapsed time: 0.028505 seconds (0d 0h 0m 0s)

---------------  T H R E A D  ---------------

Current thread is native thread

Stack: [0x0000001b09e00000,0x0000001b09f00000],  sp=0x0000001b09efd630,  free space=1013k
Native frames: (J=compiled Java code, j=interpreted, Vv=VM code, C=native code)
C  [jimage.dll+0x1b86]  (no source info available)
C  [jimage.dll+0x1d0f]  (no source info available)
C  [jimage.dll+0x2619]  (no source info available)
V  [jvm.dll+0x293702]  (no source info available)
V  [jvm.dll+0x1158bc]  (no source info available)
V  [jvm.dll+0x90ffe8]  (no source info available)
V  [jvm.dll+0x4f9061]  (no source info available)
V  [jvm.dll+0x4fa8f1]  (no source info available)
C  [jli.dll+0x543e]  (no source info available)
C  [ucrtbase.dll+0x37b0]  (no source info available)
C  [KERNEL32.DLL+0x2e8d7]  (no source info available)
C  [ntdll.dll+0x8c53c]  (no source info available)


siginfo: EXCEPTION_ACCESS_VIOLATION (0xc0000005), reading address 0x000000000000d7b8


Registers:
RAX=0x00007ff909b14298, RBX=0x0000001b09efd721, RCX=0x00007ff909b16000, RDX=0x00000000000035e7
RSP=0x0000001b09efd630, RBP=0x0000001b09efd720, RSI=0x0000000000007547, RDI=0x0000001b09efd720
R8 =0x000000000000001c, R9 =0x00007ff909b16000, R10=0x00007ff910f80000, R11=0x8101010101010100
R12=0x0000000000000008, R13=0x0000000000000000, R14=0x0000001b09efe790, R15=0x00007ff87e650f88
RIP=0x00007ff909b11b86, EFLAGS=0x0000000000010213

XMM[0]=0x0000000000000000 0x0000000000000000
XMM[1]=0x2f6d762f6c616e72 0x65746e692f6b646a
XMM[2]=0x736e6f6974706f2f 0x6d762f6c616e7265
XMM[3]=0x0000000000000000 0x0000000000000000
XMM[4]=0x0000000000000000 0x0000000000000000
XMM[5]=0x0000000000000000 0x0000000000000000
XMM[6]=0x0000000000000000 0x0000000000000000
XMM[7]=0x0000000000000000 0x0000000000000000
XMM[8]=0x0000000000000000 0x0000000000000000
XMM[9]=0x0000000000000000 0x0000000000000000
XMM[10]=0x0000000000000000 0x0000000000000000
XMM[11]=0x0000000000000000 0x0000000000000000
XMM[12]=0x0000000000000000 0x0000000000000000
XMM[13]=0x0000000000000000 0x0000000000000000
XMM[14]=0x0000000000000000 0x0000000000000000
XMM[15]=0x0000000000000000 0x0000000000000000
  MXCSR=0x00001f80


Top of Stack: (sp=0x0000001b09efd630)
0x0000001b09efd630:   0000000000000000 0000000000000000   ................
0x0000001b09efd640:   0000000000000000 0000000000000000   ................
0x0000001b09efd650:   00000127a9fd9fe0 00007ff909b11d0f   ....'...........
0x0000001b09efd660:   000000000000000b 00000127a9fd9fe0   ............'...
0x0000001b09efd670:   0000000000000000 0000000000000000   ................
0x0000001b09efd680:   0000000000000000 0000000000000000   ................
0x0000001b09efd690:   0000000000000000 0000000000000000   ................
0x0000001b09efd6a0:   0000003000000000 0000000000000000   ....0...........
0x0000001b09efd6b0:   0000000000000000 0000000000000000   ................
0x0000001b09efd6c0:   00005fd99d88416d 0000000000000000   mA..._..........
0x0000001b09efd6d0:   00007ff87e62d960 0000000000000017   `.b~............
0x0000001b09efd6e0:   00000127a9fd9fe0 0000001b09efe790   ....'...........
0x0000001b09efd6f0:   000000000000000b 00007ff909b12619   .........&......
0x0000001b09efd700:   0000000000000000 0000000000000000   ................
0x0000001b09efd710:   00000127a9fdc090 0000000000000000   ....'...........
0x0000001b09efd720:   61622e6176616a2f 692f6b646a2f6573   /java.base/jdk/i
0x0000001b09efd730:   2f6c616e7265746e 6f6974706f2f6d76   nternal/vm/optio
0x0000001b09efd740:   000000000000736e 0000000000000000   ns..............
0x0000001b09efd750:   0000000000000000 0000000000000000   ................
0x0000001b09efd760:   00000127a9fdc100 0000000000000000   ....'...........
0x0000001b09efd770:   0000000000000000 0000000000000000   ................
0x0000001b09efd780:   0000000000000000 0000000000000000   ................
0x0000001b09efd790:   0000000000000000 0000000000000000   ................
0x0000001b09efd7a0:   0000000000000000 0000000000000000   ................
0x0000001b09efd7b0:   0000000000000000 0000000000000000   ................
0x0000001b09efd7c0:   0000000000000000 0000000000000000   ................
0x0000001b09efd7d0:   0000000000000000 0000000000000000   ................
0x0000001b09efd7e0:   0000000000000000 0000000000000000   ................
0x0000001b09efd7f0:   0000000000000000 0000000000000000   ................
0x0000001b09efd800:   00000127ac476540 0000000000000007   @eG.'...........
0x0000001b09efd810:   0000000000008210 00000000000081fe   ................
0x0000001b09efd820:   0000000000008210 00007ff944411624   ........$.AD....

Instructions: (pc=0x00007ff909b11b86)
  0x00007ff909b11a86:   80 3d 83 45 00 00 00 74 06 48 8b 53 18 eb 04 48
  0x00007ff909b11a96:   8b 53 40 e8 de 0e 00 00 48 c7 43 48 00 00 00 00
  0x00007ff909b11aa6:   8b 4b 0c 83 f9 ff 74 0c e8 11 0d 00 00 c7 43 0c
  0x00007ff909b11ab6:   ff ff ff ff 48 8b 4b 70 48 85 c9 74 12 ba 10 00
  0x00007ff909b11ac6:   00 00 e8 2f 0f 00 00 48 c7 43 70 00 00 00 00 48
  0x00007ff909b11ad6:   83 c4 20 5b c3 cc 40 53 48 83 ec 20 48 8b d9 48
  0x00007ff909b11ae6:   8d 0d 94 47 00 00 e8 db 0c 00 00 83 6b 08 01 75
  0x00007ff909b11af6:   24 48 8b d3 48 8d 0d 17 45 00 00 e8 42 08 00 00
  0x00007ff909b11b06:   48 8b cb e8 ca fe ff ff ba 78 00 00 00 48 8b cb
  0x00007ff909b11b16:   e8 e1 0e 00 00 48 8d 0d 5e 47 00 00 48 83 c4 20
  0x00007ff909b11b26:   5b e9 a8 0c 00 00 48 89 5c 24 08 48 89 74 24 10
  0x00007ff909b11b36:   57 48 83 ec 20 41 8b f1 4c 8b c9 48 8b fa 4d 85
  0x00007ff909b11b46:   c0 74 72 85 f6 74 6e 44 8a 12 48 8d 5a 01 48 8b
  0x00007ff909b11b56:   d3 b8 93 01 00 01 eb 12 69 c0 93 01 00 01 41 0f
  0x00007ff909b11b66:   b6 ca 44 8a 12 33 c1 48 ff c2 45 84 d2 75 e9 33
  0x00007ff909b11b76:   d2 0f ba f0 1f f7 f6 49 8b 01 49 8b c9 48 63 d2
=>0x00007ff909b11b86:   41 8b 14 90 ff 50 08 85 c0 7e 24 8a 0f eb 10 69
  0x00007ff909b11b96:   c0 93 01 00 01 0f b6 c9 33 c1 8a 0b 48 ff c3 84
  0x00007ff909b11ba6:   c9 75 ec 0f ba f0 1f 33 d2 f7 f6 8b c2 eb 09 79
  0x00007ff909b11bb6:   04 f7 d0 eb 03 83 c8 ff 48 8b 5c 24 30 48 8b 74
  0x00007ff909b11bc6:   24 38 48 83 c4 20 5f c3 cc cc 48 89 5c 24 08 48
  0x00007ff909b11bd6:   89 74 24 10 57 48 83 ec 20 48 8b f1 48 8d 0d 97
  0x00007ff909b11be6:   46 00 00 e8 de 0b 00 00 33 ff 39 3d 22 44 00 00
  0x00007ff909b11bf6:   76 24 48 8b 05 21 44 00 00 48 8b d6 48 8b 1c f8
  0x00007ff909b11c06:   48 8b 0b e8 9c 1f 00 00 85 c0 74 2b ff c7 3b 3d
  0x00007ff909b11c16:   fe 43 00 00 72 dc 33 db 48 8d 0d 5b 46 00 00 e8
  0x00007ff909b11c26:   aa 0b 00 00 48 8b 74 24 38 48 8b c3 48 8b 5c 24
  0x00007ff909b11c36:   30 48 83 c4 20 5f c3 ff 43 08 eb dc cc cc 48 89
  0x00007ff909b11c46:   5c 24 08 48 89 74 24 10 57 48 83 ec 20 48 8b d9
  0x00007ff909b11c56:   48 8b f2 48 8b 49 10 49 8b f8 8b 53 30 48 8b 01
  0x00007ff909b11c66:   ff 50 20 4c 8b 43 50 48 8b d6 48 8b 4b 10 44 8b
  0x00007ff909b11c76:   c8 e8 b0 fe ff ff 83 f8 ff 74 39 48 8b 4b 10 48



---------------  P R O C E S S  ---------------

VM state: not at safepoint (not fully initialized)

VM Mutex/Monitor currently owned by a thread: None

CDS archive(s) mapped at: [0x0000000000000000-0x0000000000000000-0x0000000000000000), size 0, SharedBaseAddress: 0x0000000800000000, ArchiveRelocationMode: 1.
UseCompressedClassPointers 1, UseCompactObjectHeaders 0
Narrow klass pointer bits -1, Max shift -1
Narrow klass base: 0xffffffffffffffff, Narrow klass shift: -1
Encoding Range: [0xffffffffffffffff - 0x3fffffffffffffff), (4611686018427387904 bytes)
Klass Range:    [0x0000000000000000 - 0x0000000000000000), (0 bytes)
Klass ID Range:  [4294967295 - 0) (1)
No protection zone.

GC Precious Log:
<Not initialized>


Dynamic libraries:
0x00007ff6664d0000 - 0x00007ff6664de000 	C:\Users\karlm\.jdks\openjdk-25.0.1\bin\java.exe
0x00007ff9443c0000 - 0x00007ff944628000 	C:\WINDOWS\SYSTEM32\ntdll.dll
0x00007ff9433c0000 - 0x00007ff943489000 	C:\WINDOWS\System32\KERNEL32.DLL
0x00007ff941790000 - 0x00007ff941b82000 	C:\WINDOWS\System32\KERNELBASE.dll
0x00007ff941ef0000 - 0x00007ff94203b000 	C:\WINDOWS\System32\ucrtbase.dll
0x00007ff910f80000 - 0x00007ff910f9e000 	C:\Users\karlm\.jdks\openjdk-25.0.1\bin\VCRUNTIME140.dll
0x00007ff912bf0000 - 0x00007ff912c07000 	C:\Users\karlm\.jdks\openjdk-25.0.1\bin\jli.dll
0x00007ff9431f0000 - 0x00007ff9433b5000 	C:\WINDOWS\System32\USER32.dll
0x00007ff941b90000 - 0x00007ff941bb7000 	C:\WINDOWS\System32\win32u.dll
0x00007ff928f10000 - 0x00007ff9291a3000 	C:\WINDOWS\WinSxS\amd64_microsoft.windows.common-controls_6595b64144ccf1df_6.0.26100.6899_none_3e0efeeae32e88c1\COMCTL32.dll
0x00007ff943510000 - 0x00007ff94353b000 	C:\WINDOWS\System32\GDI32.dll
0x00007ff942830000 - 0x00007ff9428d9000 	C:\WINDOWS\System32\msvcrt.dll
0x00007ff941bc0000 - 0x00007ff941ced000 	C:\WINDOWS\System32\gdi32full.dll
0x00007ff9420e0000 - 0x00007ff942183000 	C:\WINDOWS\System32\msvcp_win.dll
0x00007ff9421f0000 - 0x00007ff94221f000 	C:\WINDOWS\System32\IMM32.DLL
0x00007ff915e20000 - 0x00007ff915e2c000 	C:\Users\karlm\.jdks\openjdk-25.0.1\bin\vcruntime140_1.dll
0x00007ff8f16f0000 - 0x00007ff8f177d000 	C:\Users\karlm\.jdks\openjdk-25.0.1\bin\msvcp140.dll
0x00007ff87db90000 - 0x00007ff87e9ef000 	C:\Users\karlm\.jdks\openjdk-25.0.1\bin\server\jvm.dll
0x00007ff942230000 - 0x00007ff9422e4000 	C:\WINDOWS\System32\ADVAPI32.dll
0x00007ff942390000 - 0x00007ff942436000 	C:\WINDOWS\System32\sechost.dll
0x00007ff943e10000 - 0x00007ff943f28000 	C:\WINDOWS\System32\RPCRT4.dll
0x00007ff944300000 - 0x00007ff944374000 	C:\WINDOWS\System32\WS2_32.dll
0x00007ff939ad0000 - 0x00007ff939b05000 	C:\WINDOWS\SYSTEM32\WINMM.dll
0x00007ff9413b0000 - 0x00007ff94140e000 	C:\WINDOWS\SYSTEM32\POWRPROF.dll
0x00007ff93fec0000 - 0x00007ff93fecb000 	C:\WINDOWS\SYSTEM32\VERSION.dll
0x00007ff941390000 - 0x00007ff9413a4000 	C:\WINDOWS\SYSTEM32\UMPDC.dll
0x00007ff940320000 - 0x00007ff94033b000 	C:\WINDOWS\SYSTEM32\kernel.appcore.dll
0x00007ff909b10000 - 0x00007ff909b1a000 	C:\Users\karlm\.jdks\openjdk-25.0.1\bin\jimage.dll
0x00007ff9308f0000 - 0x00007ff930b32000 	C:\WINDOWS\SYSTEM32\DBGHELP.DLL
0x00007ff942e70000 - 0x00007ff9431eb000 	C:\WINDOWS\System32\combase.dll
0x00007ff944060000 - 0x00007ff944137000 	C:\WINDOWS\System32\OLEAUT32.dll
0x00007ff92eee0000 - 0x00007ff92ef1c000 	C:\WINDOWS\SYSTEM32\dbgcore.DLL
0x00007ff942040000 - 0x00007ff9420d8000 	C:\WINDOWS\System32\bcryptPrimitives.dll

JVMTI agents: none

dbghelp: loaded successfully - version: 4.0.5 - missing functions: none
symbol engine: initialized successfully - sym options: 0x614 - pdb path: .;C:\Users\karlm\.jdks\openjdk-25.0.1\bin;C:\WINDOWS\SYSTEM32;C:\WINDOWS\WinSxS\amd64_microsoft.windows.common-controls_6595b64144ccf1df_6.0.26100.6899_none_3e0efeeae32e88c1;C:\Users\karlm\.jdks\openjdk-25.0.1\bin\server

VM Arguments:
java_command: <unknown>
java_class_path (initial): <not set>
Launcher Type: SUN_STANDARD

[Global flags]
     bool UseLargePagesIndividualAllocation        = false                                  {pd product} {ergonomic}

Logging:
Log output configuration:
 #0: stdout all=warning uptime,level,tags foldmultilines=false
 #1: stderr all=off uptime,level,tags foldmultilines=false

Release file:
<release file has not been read>
Environment Variables:
JAVA_HOME=C:\Users\karlm\.jdks\openjdk-25.0.1
PATH=C:\Program Files\Common Files\Oracle\Java\javapath;C:\WINDOWS\system32;C:\WINDOWS;C:\WINDOWS\System32\Wbem;C:\WINDOWS\System32\WindowsPowerShell\v1.0\;C:\WINDOWS\System32\OpenSSH\;C:\Program Files (x86)\NVIDIA Corporation\PhysX\Common;C:\Program Files\NVIDIA Corporation\NVIDIA NvDLISR;C:\Program Files\dotnet\;C:\Program Files\Git\cmd;C:\Program Files\nodejs\;C:\Users\karlm\AppData\Local\Microsoft\WindowsApps;C:\Users\karlm\AppData\Local\Programs\Microsoft VS Code\bin;C:\ghcup\bin;C:\Users\karlm\AppData\Roaming\npm
USERNAME=karlm
OS=Windows_NT
PROCESSOR_IDENTIFIER=AMD64 Family 25 Model 117 Stepping 2, AuthenticAMD
TMP=C:\Users\karlm\AppData\Local\Temp
TEMP=C:\Users\karlm\AppData\Local\Temp




Compilation memory statistics disabled.

Periodic native trim disabled

---------------  S Y S T E M  ---------------

OS:
 Windows 11 , 64 bit Build 26100 (10.0.26100.6725)
OS uptime: 0 days 0:56 hours

CPU: total 16 (initial active 0) 
Processor Information for the first 16 processors :
  Max Mhz: 4001, Current Mhz: 4001, Mhz Limit: 4001

Memory: 4k page, system-wide physical 15619M (4345M free)
TotalPageFile size 20739M (AvailPageFile size 7385M)
current process WorkingSet (physical memory assigned to process): 10M, peak: 10M
current process commit charge ("private bytes"): 3M, peak: 3M

vm_info: OpenJDK 64-Bit Server VM (25.0.1+8-27) for windows-amd64 JRE (25.0.1+8-27), built on 2025-09-25T16:41:16Z with unknown MS VC++:1943

END.
